// Jest Snapshot v1, https://goo.gl/fbAQLP

exports[`loads and displays Layout 1`] = `<DocumentFragment />`;
